\wtk22\linux\build.xml
\wtk22\linux
\wtk22\win\build.xml
\wtk22\win
\wtk22
\wtk23\linux\build.xml
\wtk23\linux
\wtk23\win\build.xml
\wtk23\win
\wtk23