<?xml version='1.0' encoding='UTF-8'?>

<!-- =========== FULL CONFIGURATION FILE ================================== -->

<faces-config version="1.2" 
              xmlns="http://java.sun.com/xml/ns/javaee" 
              xmlns:xsi="http://www.w3.org/2001/XMLSchema-instance" 
              xsi:schemaLocation="http://java.sun.com/xml/ns/javaee http://java.sun.com/xml/ns/javaee/web-facesconfig_1_2.xsd">
    
    <lifecycle>
        <phase-listener>
            enterprise.jsf_jpa_war.AuthenticationPhaseListener
        </phase-listener>
    </lifecycle>
    <application>
        <view-handler>a.b.c.Handler</view-handler>
        <locale-config>
            <default-locale>cz</default-locale>
            <supported-locale>en</supported-locale>
            <supported-locale>jn</supported-locale>
        </locale-config>
        <resource-bundle>
            <description>
                This is a test resource bundle.
            </description>
            <display-name>Test Resource Bundle</display-name>
            <base-name>org.test.TestMessages</base-name>
            <var>testMessages</var>
        </resource-bundle>
        <resource-bundle>
            <base-name>org.test.Messages</base-name>
            <var>msg</var>
        </resource-bundle>
    </application>
    <application>
        <view-handler>a.b.c.Handler1</view-handler>
        <view-handler>a.b.c.Handler2</view-handler>
        <view-handler>a.b.c.Handler3</view-handler>
        <locale-config>
            <default-locale>cz</default-locale>
            <supported-locale>hr</supported-locale>
            <supported-locale>en</supported-locale>
        </locale-config>
        <resource-bundle>
            <base-name>org.test.Messages</base-name>
            <var>czech</var>
        </resource-bundle>
    </application>
</faces-config>

