<LayoutModel>
  <Root id="Form">
    <DimensionLayout dim="horizontal">
      <Group type="parallel" groupAlignment="leading" attributes="0">
          <Group type="sequential" attributes="0">
              <EmptySpace min="$pref" max="$pref" attributes="16"/>
              <Component id="add" min="$pref" max="$pref" attributes="16"/>
              <EmptySpace max="$pref" attributes="16"/>
              <Component id="jPanel1" min="$pref" max="$pref" attributes="16"/>
              <EmptySpace pref="6" max="Short.MAX_VALUE" attributes="12"/>
              <Group type="parallel" groupAlignment="leading" attributes="16">
                  <Group type="sequential" alignment="trailing" attributes="0">
                      <Component id="save" min="$pref" pref="114" max="$pref" attributes="0"/>
                      <EmptySpace pref="116" max="Short.MAX_VALUE" attributes="0"/>
                      <Component id="delete" min="$pref" pref="137" max="$pref" attributes="0"/>
                  </Group>
                  <Component id="jPanel2" min="$pref" max="$pref" attributes="2"/>
              </Group>
              <EmptySpace min="$pref" max="$pref" attributes="16"/>
          </Group>
      </Group>
    </DimensionLayout>
    <DimensionLayout dim="vertical">
      <Group type="parallel" groupAlignment="leading" attributes="0">
          <Group type="sequential" alignment="leading" attributes="0">
              <EmptySpace max="$pref" attributes="16"/>
              <Group type="parallel" groupAlignment="leading" attributes="16">
                  <Component id="jPanel2" alignment="leading" min="$pref" max="$pref" attributes="0"/>
                  <Component id="jPanel1" alignment="leading" min="$pref" max="$pref" attributes="0"/>
                  <Group type="sequential" alignment="leading" attributes="0">
                      <EmptySpace min="$pref" pref="162" max="$pref" attributes="0"/>
                      <Group type="parallel" groupAlignment="baseline" attributes="0">
                          <Component id="delete" alignment="baseline" min="$pref" max="$pref" attributes="0"/>
                          <Component id="save" alignment="baseline" min="$pref" max="$pref" attributes="0"/>
                      </Group>
                  </Group>
                  <Component id="add" alignment="leading" min="$pref" max="$pref" attributes="0"/>
              </Group>
              <EmptySpace pref="285" max="Short.MAX_VALUE" attributes="12"/>
          </Group>
      </Group>
    </DimensionLayout>
  </Root>
  <Root id="jPanel1">
    <DimensionLayout dim="horizontal">
      <Group type="parallel" groupAlignment="leading" attributes="0">
          <EmptySpace min="0" pref="274" max="Short.MAX_VALUE" attributes="0"/>
      </Group>
    </DimensionLayout>
    <DimensionLayout dim="vertical">
      <Group type="parallel" groupAlignment="leading" attributes="0">
          <EmptySpace min="0" pref="157" max="Short.MAX_VALUE" attributes="0"/>
      </Group>
    </DimensionLayout>
  </Root>
  <Root id="jPanel2">
    <DimensionLayout dim="horizontal">
      <Group type="parallel" groupAlignment="leading" attributes="0">
          <EmptySpace min="0" pref="336" max="Short.MAX_VALUE" attributes="0"/>
      </Group>
    </DimensionLayout>
    <DimensionLayout dim="vertical">
      <Group type="parallel" groupAlignment="leading" attributes="0">
          <EmptySpace min="0" pref="138" max="Short.MAX_VALUE" attributes="0"/>
      </Group>
    </DimensionLayout>
  </Root>
</LayoutModel>
