<LayoutModel>
  <Root id="Form">
    <DimensionLayout dim="horizontal">
      <Group type="parallel" groupAlignment="leading" attributes="0">
          <Group type="sequential" attributes="0">
              <EmptySpace max="$pref" attributes="0"/>
              <Group type="parallel" groupAlignment="leading" attributes="0">
                  <Group type="sequential" alignment="leading" attributes="0">
                      <Component id="jLabel1" min="$pref" max="$pref" attributes="0"/>
                      <EmptySpace max="$pref" attributes="0"/>
                      <Component id="jTextField1" min="$pref" pref="97" max="$pref" attributes="0"/>
                  </Group>
                  <Group type="sequential" alignment="leading" attributes="0">
                      <Component id="jLabel2" min="$pref" max="$pref" attributes="0"/>
                      <EmptySpace max="$pref" attributes="0"/>
                      <Component id="jTextField2" pref="232" max="Short.MAX_VALUE" attributes="0"/>
                  </Group>
              </Group>
              <EmptySpace max="$pref" attributes="0"/>
              <Component id="jScrollPane1" min="$pref" max="$pref" attributes="0"/>
              <EmptySpace max="$pref" attributes="0"/>
          </Group>
      </Group>
    </DimensionLayout>
    <DimensionLayout dim="vertical">
      <Group type="parallel" groupAlignment="leading" attributes="0">
          <Group type="sequential" attributes="0">
              <EmptySpace max="$pref" attributes="16"/>
              <Group type="parallel" groupAlignment="leading" attributes="16">
                  <Group type="sequential" alignment="leading" attributes="0">
                      <Group type="parallel" groupAlignment="baseline" attributes="0">
                          <Component id="jLabel1" alignment="baseline" min="$pref" max="$pref" attributes="0"/>
                          <Component id="jTextField1" alignment="baseline" min="$pref" max="$pref" attributes="0"/>
                      </Group>
                      <EmptySpace max="$pref" attributes="0"/>
                      <Group type="parallel" groupAlignment="baseline" attributes="0">
                          <Component id="jLabel2" alignment="baseline" min="$pref" max="$pref" attributes="0"/>
                          <Component id="jTextField2" alignment="baseline" min="$pref" max="$pref" attributes="0"/>
                      </Group>
                  </Group>
                  <Component id="jScrollPane1" alignment="leading" min="$pref" max="$pref" attributes="0"/>
              </Group>
              <EmptySpace pref="225" max="Short.MAX_VALUE" attributes="12"/>
          </Group>
      </Group>
    </DimensionLayout>
  </Root>
</LayoutModel>
