<LayoutModel>
  <Root id="Form">
    <DimensionLayout dim="horizontal">
      <Group type="parallel" groupAlignment="leading" attributes="0">
          <Group type="sequential" alignment="leading" attributes="0">
              <Component id="jLabel1" min="$pref" max="$pref" attributes="0"/>
              <EmptySpace max="$pref" attributes="0"/>
              <Component id="jTextField1" pref="99" max="Short.MAX_VALUE" attributes="0"/>
          </Group>
      </Group>
    </DimensionLayout>
    <DimensionLayout dim="vertical">
      <Group type="parallel" groupAlignment="leading" attributes="0">
          <Group type="parallel" groupAlignment="baseline" attributes="0">
              <Component id="jLabel1" alignment="baseline" min="$pref" max="$pref" attributes="0"/>
              <Component id="jTextField1" alignment="baseline" min="$pref" pref="39" max="$pref" attributes="0"/>
          </Group>
      </Group>
    </DimensionLayout>
  </Root>
</LayoutModel>
