<LayoutModel>
  <Root id="Form">
    <DimensionLayout dim="horizontal">
      <Group type="parallel" groupAlignment="leading" attributes="0">
          <Group type="sequential" attributes="0">
              <EmptySpace max="$pref" attributes="16"/>
              <Group type="parallel" groupAlignment="leading" attributes="16">
                  <Component id="jToggleButton1" alignment="leading" min="$pref" max="$pref" attributes="0"/>
                  <Group type="parallel" alignment="leading" groupAlignment="trailing" max="$pref" attributes="0">
                      <Component id="jTextField1" alignment="leading" max="Short.MAX_VALUE" attributes="1"/>
                      <Component id="jButton1" alignment="leading" max="Short.MAX_VALUE" attributes="1"/>
                  </Group>
              </Group>
              <EmptySpace pref="285" max="Short.MAX_VALUE" attributes="12"/>
          </Group>
      </Group>
    </DimensionLayout>
    <DimensionLayout dim="vertical">
      <Group type="parallel" groupAlignment="leading" attributes="0">
          <Group type="sequential" alignment="leading" attributes="0">
              <EmptySpace max="$pref" attributes="16"/>
              <Component id="jButton1" min="$pref" max="$pref" attributes="16"/>
              <EmptySpace max="$pref" attributes="16"/>
              <Component id="jTextField1" min="$pref" max="$pref" attributes="16"/>
              <EmptySpace max="$pref" attributes="16"/>
              <Component id="jToggleButton1" min="$pref" max="$pref" attributes="16"/>
              <EmptySpace pref="211" max="Short.MAX_VALUE" attributes="12"/>
          </Group>
      </Group>
    </DimensionLayout>
  </Root>
</LayoutModel>
