<LayoutModel>
  <Root id="Form">
    <DimensionLayout dim="horizontal">
      <Group type="parallel" groupAlignment="leading" attributes="0">
          <Group type="sequential" attributes="0">
              <EmptySpace max="$pref" attributes="16"/>
              <Group type="parallel" groupAlignment="leading" attributes="16">
                  <Group type="sequential" attributes="0">
                      <Component id="jButton1" min="$pref" max="$pref" attributes="0"/>
                      <EmptySpace max="$pref" attributes="0"/>
                      <Component id="jLabel1" min="$pref" max="$pref" attributes="0"/>
                  </Group>
                  <Component id="jButton2" alignment="leading" min="$pref" max="$pref" attributes="0"/>
                  <Component id="jButton3" min="$pref" max="$pref" attributes="0"/>
                  <Component id="jButton4" alignment="leading" min="$pref" max="$pref" attributes="0"/>
              </Group>
              <EmptySpace pref="265" max="Short.MAX_VALUE" attributes="12"/>
          </Group>
      </Group>
    </DimensionLayout>
    <DimensionLayout dim="vertical">
      <Group type="parallel" groupAlignment="leading" attributes="0">
          <Group type="sequential" alignment="leading" attributes="0">
              <EmptySpace max="$pref" attributes="16"/>
              <Group type="parallel" groupAlignment="baseline" attributes="16">
                  <Component id="jButton1" alignment="baseline" min="$pref" max="$pref" attributes="0"/>
                  <Component id="jLabel1" alignment="baseline" min="$pref" max="$pref" attributes="0"/>
              </Group>
              <EmptySpace type="unrelated" max="$pref" attributes="16"/>
              <Component id="jButton2" min="$pref" max="$pref" attributes="16"/>
              <EmptySpace max="$pref" attributes="16"/>
              <Component id="jButton3" min="$pref" max="$pref" attributes="16"/>
              <EmptySpace type="unrelated" max="$pref" attributes="16"/>
              <Component id="jButton4" min="$pref" max="$pref" attributes="16"/>
              <EmptySpace pref="155" max="Short.MAX_VALUE" attributes="12"/>
          </Group>
      </Group>
    </DimensionLayout>
  </Root>
</LayoutModel>
