<LayoutModel>
  <Root id="Form">
    <DimensionLayout dim="horizontal">
      <Group type="parallel" groupAlignment="leading" attributes="0">
          <Group type="sequential" alignment="leading" attributes="0">
              <EmptySpace min="$pref" pref="26" max="$pref" attributes="16"/>
              <Component id="jPanel1" min="$pref" max="$pref" attributes="16"/>
              <EmptySpace min="$pref" pref="54" max="$pref" attributes="16"/>
              <Component id="jPanel2" min="$pref" max="$pref" attributes="16"/>
              <EmptySpace pref="120" max="Short.MAX_VALUE" attributes="12"/>
          </Group>
      </Group>
    </DimensionLayout>
    <DimensionLayout dim="vertical">
      <Group type="parallel" groupAlignment="leading" attributes="0">
          <Group type="sequential" attributes="0">
              <Group type="parallel" groupAlignment="leading" attributes="16">
                  <Group type="sequential" alignment="leading" attributes="0">
                      <EmptySpace min="$pref" pref="30" max="$pref" attributes="0"/>
                      <Component id="jPanel1" min="$pref" max="$pref" attributes="0"/>
                  </Group>
                  <Group type="sequential" alignment="leading" attributes="0">
                      <EmptySpace min="$pref" pref="64" max="$pref" attributes="0"/>
                      <Component id="jPanel2" min="$pref" max="$pref" attributes="0"/>
                  </Group>
              </Group>
              <EmptySpace pref="44" max="Short.MAX_VALUE" attributes="12"/>
          </Group>
      </Group>
    </DimensionLayout>
  </Root>
  <Root id="jPanel1">
    <DimensionLayout dim="horizontal">
      <Group type="parallel" groupAlignment="leading" attributes="0">
          <EmptySpace min="0" pref="100" max="Short.MAX_VALUE" attributes="0"/>
      </Group>
    </DimensionLayout>
    <DimensionLayout dim="vertical">
      <Group type="parallel" groupAlignment="leading" attributes="0">
          <EmptySpace min="0" pref="100" max="Short.MAX_VALUE" attributes="0"/>
      </Group>
    </DimensionLayout>
  </Root>
  <Root id="jPanel2">
    <DimensionLayout dim="horizontal">
      <Group type="parallel" groupAlignment="leading" attributes="0">
          <EmptySpace min="0" pref="100" max="Short.MAX_VALUE" attributes="0"/>
      </Group>
    </DimensionLayout>
    <DimensionLayout dim="vertical">
      <Group type="parallel" groupAlignment="leading" attributes="0">
          <EmptySpace min="0" pref="192" max="Short.MAX_VALUE" attributes="0"/>
      </Group>
    </DimensionLayout>
  </Root>
</LayoutModel>
