<LayoutModel>
  <Root id="Form">
    <DimensionLayout dim="horizontal">
      <Group type="parallel" groupAlignment="leading" attributes="0">
          <Group type="sequential" attributes="0">
              <EmptySpace max="$pref" attributes="16"/>
              <Group type="parallel" groupAlignment="leading" attributes="16">
                  <Group type="sequential" alignment="leading" attributes="0">
                      <Component id="jScrollPane1" min="$pref" pref="105" max="$pref" attributes="0"/>
                      <EmptySpace max="$pref" attributes="0"/>
                      <Group type="parallel" groupAlignment="leading" attributes="0">
                          <Component id="jTextField1" min="$pref" pref="209" max="$pref" attributes="0"/>
                          <Component id="jPanel1" alignment="leading" min="$pref" max="$pref" attributes="0"/>
                      </Group>
                  </Group>
                  <Component id="jButton1" alignment="leading" min="$pref" max="$pref" attributes="0"/>
                  <Component id="jButton2" alignment="leading" min="$pref" max="$pref" attributes="0"/>
                  <Component id="jButton3" alignment="leading" min="$pref" max="$pref" attributes="0"/>
              </Group>
              <EmptySpace pref="74" max="Short.MAX_VALUE" attributes="12"/>
          </Group>
      </Group>
    </DimensionLayout>
    <DimensionLayout dim="vertical">
      <Group type="parallel" groupAlignment="leading" attributes="0">
          <Group type="sequential" alignment="leading" attributes="0">
              <EmptySpace max="$pref" attributes="16"/>
              <Group type="parallel" groupAlignment="leading" attributes="16">
                  <Group type="sequential" attributes="0">
                      <Component id="jTextField1" min="$pref" max="$pref" attributes="0"/>
                      <EmptySpace min="$pref" pref="53" max="$pref" attributes="0"/>
                      <Component id="jPanel1" min="$pref" max="$pref" attributes="0"/>
                  </Group>
                  <Component id="jScrollPane1" min="$pref" pref="291" max="$pref" attributes="0"/>
              </Group>
              <EmptySpace max="$pref" attributes="16"/>
              <Component id="jButton1" min="$pref" max="$pref" attributes="16"/>
              <EmptySpace max="$pref" attributes="16"/>
              <Component id="jButton2" min="$pref" max="$pref" attributes="16"/>
              <EmptySpace max="$pref" attributes="16"/>
              <Component id="jButton3" min="$pref" max="$pref" attributes="16"/>
              <EmptySpace max="Short.MAX_VALUE" attributes="12"/>
          </Group>
      </Group>
    </DimensionLayout>
  </Root>
  <Root id="jPanel1">
    <DimensionLayout dim="horizontal">
      <Group type="parallel" groupAlignment="leading" attributes="0">
          <EmptySpace min="0" pref="100" max="Short.MAX_VALUE" attributes="0"/>
      </Group>
    </DimensionLayout>
    <DimensionLayout dim="vertical">
      <Group type="parallel" groupAlignment="leading" attributes="0">
          <EmptySpace min="0" pref="100" max="Short.MAX_VALUE" attributes="0"/>
      </Group>
    </DimensionLayout>
  </Root>
</LayoutModel>
