<LayoutModel>
  <Root id="Form">
    <DimensionLayout dim="horizontal">
      <Group type="parallel" groupAlignment="leading" attributes="0">
          <Group type="sequential" alignment="leading" attributes="0">
              <EmptySpace max="$pref" attributes="16"/>
              <Component id="jLabel1" min="$pref" max="$pref" attributes="16"/>
              <EmptySpace min="$pref" pref="45" max="$pref" attributes="16"/>
              <Component id="jTextField1" min="$pref" pref="291" max="$pref" attributes="16"/>
              <EmptySpace pref="20" max="Short.MAX_VALUE" attributes="12"/>
          </Group>
      </Group>
    </DimensionLayout>
    <DimensionLayout dim="vertical">
      <Group type="parallel" groupAlignment="leading" attributes="0">
          <Group type="sequential" alignment="leading" attributes="0">
              <EmptySpace max="$pref" attributes="16"/>
              <Group type="parallel" groupAlignment="baseline" attributes="16">
                  <Component id="jLabel1" alignment="baseline" min="$pref" max="$pref" attributes="0"/>
                  <Component id="jTextField1" alignment="baseline" min="$pref" max="$pref" attributes="0"/>
              </Group>
              <EmptySpace pref="269" max="Short.MAX_VALUE" attributes="12"/>
          </Group>
      </Group>
    </DimensionLayout>
  </Root>
</LayoutModel>
