<LayoutModel>
  <Root id="Form">
    <DimensionLayout dim="horizontal">
      <Group type="parallel" groupAlignment="leading" attributes="0">
          <Group type="sequential" alignment="trailing" attributes="0">
              <EmptySpace pref="187" max="Short.MAX_VALUE" attributes="12"/>
              <Group type="parallel" groupAlignment="leading" max="$pref" attributes="16">
                  <Component id="jTextField1" alignment="leading" pref="160" max="Short.MAX_VALUE" attributes="1"/>
                  <Component id="jTextField2" alignment="leading" max="Short.MAX_VALUE" attributes="1"/>
                  <Component id="jTextField3" alignment="leading" max="Short.MAX_VALUE" attributes="1"/>
              </Group>
              <EmptySpace min="$pref" max="$pref" attributes="16"/>
              <Component id="jScrollPane1" min="$pref" max="$pref" attributes="16"/>
              <EmptySpace max="$pref" attributes="16"/>
          </Group>
      </Group>
    </DimensionLayout>
    <DimensionLayout dim="vertical">
      <Group type="parallel" groupAlignment="leading" attributes="0">
          <Group type="sequential" alignment="leading" attributes="0">
              <EmptySpace max="$pref" attributes="16"/>
              <Group type="parallel" groupAlignment="leading" attributes="16">
                  <Component id="jScrollPane1" alignment="leading" min="$pref" max="$pref" attributes="0"/>
                  <Group type="sequential" alignment="leading" attributes="0">
                      <Component id="jTextField1" min="$pref" max="$pref" attributes="0"/>
                      <EmptySpace max="$pref" attributes="0"/>
                      <Component id="jTextField2" min="$pref" max="$pref" attributes="0"/>
                      <EmptySpace max="$pref" attributes="0"/>
                      <Component id="jTextField3" min="$pref" max="$pref" attributes="0"/>
                  </Group>
              </Group>
              <EmptySpace pref="157" max="Short.MAX_VALUE" attributes="12"/>
          </Group>
      </Group>
    </DimensionLayout>
  </Root>
</LayoutModel>
