<LayoutModel>
  <Root id="Form">
    <DimensionLayout dim="horizontal">
      <Group type="parallel" groupAlignment="leading" attributes="0">
          <Group type="sequential" alignment="leading" attributes="0">
              <EmptySpace max="$pref" attributes="16"/>
              <Group type="parallel" groupAlignment="leading" attributes="16">
                  <Group type="sequential" alignment="leading" attributes="0">
                      <EmptySpace min="10" pref="10" max="10" attributes="0"/>
                      <Component id="jTextField1" min="$pref" pref="100" max="$pref" attributes="0"/>
                  </Group>
                  <Component id="jLabel1" alignment="leading" min="$pref" max="$pref" attributes="0"/>
              </Group>
              <EmptySpace pref="280" max="Short.MAX_VALUE" attributes="12"/>
          </Group>
      </Group>
    </DimensionLayout>
    <DimensionLayout dim="vertical">
      <Group type="parallel" groupAlignment="leading" attributes="0">
          <Group type="sequential" alignment="leading" attributes="0">
              <EmptySpace max="$pref" attributes="16"/>
              <Component id="jLabel1" min="$pref" max="$pref" attributes="16"/>
              <EmptySpace max="$pref" attributes="16"/>
              <Component id="jTextField1" min="$pref" max="$pref" attributes="16"/>
              <EmptySpace pref="249" max="Short.MAX_VALUE" attributes="12"/>
          </Group>
      </Group>
    </DimensionLayout>
  </Root>
</LayoutModel>
