<LayoutModel>
  <Root id="Form">
    <DimensionLayout dim="horizontal">
      <Group type="parallel" groupAlignment="leading" attributes="0">
          <Group type="sequential" alignment="leading" attributes="0">
              <EmptySpace max="$pref" attributes="16"/>
              <Group type="parallel" groupAlignment="leading" max="$pref" attributes="16">
                  <Component id="jLabel1" alignment="leading" min="$pref" max="$pref" attributes="0"/>
                  <Component id="jLabel2" alignment="leading" min="$pref" max="$pref" attributes="0"/>
                  <Group type="sequential" alignment="leading" attributes="0">
                      <EmptySpace min="$pref" pref="10" max="$pref" attributes="0"/>
                      <Component id="jTextField1" pref="101" max="Short.MAX_VALUE" attributes="1"/>
                  </Group>
                  <Group type="sequential" alignment="leading" attributes="1">
                      <EmptySpace min="$pref" pref="10" max="$pref" attributes="0"/>
                      <Component id="jTextField2" max="Short.MAX_VALUE" attributes="0"/>
                  </Group>
              </Group>
              <EmptySpace pref="279" max="Short.MAX_VALUE" attributes="12"/>
          </Group>
      </Group>
    </DimensionLayout>
    <DimensionLayout dim="vertical">
      <Group type="parallel" groupAlignment="leading" attributes="0">
          <Group type="sequential" alignment="leading" attributes="0">
              <EmptySpace max="$pref" attributes="16"/>
              <Component id="jLabel1" min="$pref" max="$pref" attributes="16"/>
              <EmptySpace max="$pref" attributes="16"/>
              <Component id="jTextField1" min="$pref" max="$pref" attributes="16"/>
              <EmptySpace max="$pref" attributes="16"/>
              <Component id="jLabel2" min="$pref" max="$pref" attributes="16"/>
              <EmptySpace max="$pref" attributes="16"/>
              <Component id="jTextField2" min="$pref" max="$pref" attributes="16"/>
              <EmptySpace pref="203" max="Short.MAX_VALUE" attributes="12"/>
          </Group>
      </Group>
    </DimensionLayout>
  </Root>
</LayoutModel>
