<LayoutModel>
  <Root id="Form">
    <DimensionLayout dim="horizontal">
      <Group type="parallel" groupAlignment="leading" attributes="0">
          <Group type="sequential" attributes="0">
              <Group type="parallel" groupAlignment="leading" attributes="0">
                  <Group type="sequential" alignment="leading" attributes="0">
                      <EmptySpace min="$pref" pref="43" max="$pref" attributes="0"/>
                      <Component id="jButton1" min="$pref" max="$pref" attributes="0"/>
                  </Group>
                  <Group type="sequential" attributes="0">
                      <EmptySpace min="$pref" pref="26" max="$pref" attributes="0"/>
                      <Component id="jPanel1" min="$pref" max="$pref" attributes="0"/>
                      <EmptySpace min="$pref" pref="54" max="$pref" attributes="0"/>
                      <Component id="jPanel2" min="$pref" max="$pref" attributes="0"/>
                      <EmptySpace pref="37" max="Short.MAX_VALUE" attributes="0"/>
                      <Group type="parallel" groupAlignment="leading" attributes="0">
                          <Component id="jButton2" alignment="trailing" min="$pref" max="$pref" attributes="0"/>
                          <Component id="jButton3" alignment="trailing" min="$pref" max="$pref" attributes="0"/>
                      </Group>
                  </Group>
              </Group>
              <EmptySpace max="$pref" attributes="0"/>
          </Group>
      </Group>
    </DimensionLayout>
    <DimensionLayout dim="vertical">
      <Group type="parallel" groupAlignment="leading" attributes="0">
          <Group type="sequential" attributes="0">
              <Group type="parallel" groupAlignment="leading" attributes="16">
                  <Group type="sequential" alignment="leading" attributes="0">
                      <EmptySpace min="$pref" pref="30" max="$pref" attributes="0"/>
                      <Component id="jPanel1" min="$pref" max="$pref" attributes="0"/>
                      <EmptySpace min="$pref" pref="132" max="$pref" attributes="0"/>
                      <Component id="jButton1" min="$pref" max="$pref" attributes="0"/>
                  </Group>
                  <Group type="sequential" alignment="leading" attributes="0">
                      <EmptySpace min="$pref" pref="54" max="$pref" attributes="0"/>
                      <Group type="parallel" groupAlignment="leading" attributes="0">
                          <Component id="jPanel2" min="$pref" max="$pref" attributes="0"/>
                          <Group type="sequential" alignment="leading" attributes="0">
                              <Component id="jButton2" min="$pref" max="$pref" attributes="0"/>
                              <EmptySpace min="$pref" pref="108" max="$pref" attributes="0"/>
                              <Component id="jButton3" min="$pref" max="$pref" attributes="0"/>
                          </Group>
                      </Group>
                  </Group>
              </Group>
              <EmptySpace pref="64" max="Short.MAX_VALUE" attributes="12"/>
          </Group>
      </Group>
    </DimensionLayout>
  </Root>
  <Root id="jPanel1">
    <DimensionLayout dim="horizontal">
      <Group type="parallel" groupAlignment="leading" attributes="0">
          <EmptySpace min="0" pref="100" max="Short.MAX_VALUE" attributes="0"/>
      </Group>
    </DimensionLayout>
    <DimensionLayout dim="vertical">
      <Group type="parallel" groupAlignment="leading" attributes="0">
          <EmptySpace min="0" pref="100" max="Short.MAX_VALUE" attributes="0"/>
      </Group>
    </DimensionLayout>
  </Root>
  <Root id="jPanel2">
    <DimensionLayout dim="horizontal">
      <Group type="parallel" groupAlignment="leading" attributes="0">
          <EmptySpace min="0" pref="100" max="Short.MAX_VALUE" attributes="0"/>
      </Group>
    </DimensionLayout>
    <DimensionLayout dim="vertical">
      <Group type="parallel" groupAlignment="leading" attributes="0">
          <EmptySpace min="0" pref="202" max="Short.MAX_VALUE" attributes="0"/>
      </Group>
    </DimensionLayout>
  </Root>
</LayoutModel>
