<LayoutModel>
  <Root id="Form">
    <DimensionLayout dim="horizontal">
      <Group type="parallel" groupAlignment="leading" attributes="0">
          <Group type="sequential" attributes="0">
              <EmptySpace max="$pref" attributes="0"/>
              <Group type="parallel" groupAlignment="leading" attributes="0">
                  <Group type="sequential" attributes="0">
                      <Group type="parallel" groupAlignment="leading" attributes="0">
                          <Component id="jLabel1" min="$pref" max="$pref" attributes="0"/>
                          <Component id="jInternalFrame1" min="$pref" max="$pref" attributes="0"/>
                      </Group>
                      <EmptySpace pref="21" max="Short.MAX_VALUE" attributes="0"/>
                      <Component id="jScrollPane1" min="$pref" max="$pref" attributes="0"/>
                  </Group>
                  <Group type="sequential" alignment="trailing" attributes="0">
                      <Component id="jButton2" min="$pref" max="$pref" attributes="0"/>
                      <EmptySpace max="$pref" attributes="0"/>
                      <Component id="jButton1" min="$pref" max="$pref" attributes="0"/>
                  </Group>
              </Group>
              <EmptySpace max="$pref" attributes="0"/>
          </Group>
      </Group>
    </DimensionLayout>
    <DimensionLayout dim="vertical">
      <Group type="parallel" groupAlignment="leading" attributes="0">
          <Group type="sequential" attributes="0">
              <EmptySpace max="$pref" attributes="16"/>
              <Group type="parallel" groupAlignment="leading" attributes="16">
                  <Group type="sequential" alignment="leading" attributes="0">
                      <Component id="jLabel1" min="$pref" max="$pref" attributes="0"/>
                      <EmptySpace max="$pref" attributes="0"/>
                      <Component id="jInternalFrame1" min="$pref" max="$pref" attributes="0"/>
                  </Group>
                  <Component id="jScrollPane1" alignment="leading" min="$pref" max="$pref" attributes="0"/>
              </Group>
              <EmptySpace pref="23" max="Short.MAX_VALUE" attributes="12"/>
              <Group type="parallel" groupAlignment="baseline" attributes="16">
                  <Component id="jButton1" alignment="baseline" min="$pref" max="$pref" attributes="0"/>
                  <Component id="jButton2" alignment="baseline" min="$pref" max="$pref" attributes="0"/>
              </Group>
              <EmptySpace max="$pref" attributes="16"/>
          </Group>
      </Group>
    </DimensionLayout>
  </Root>
  <Root id="jInternalFrame1">
    <DimensionLayout dim="horizontal">
      <Group type="parallel" groupAlignment="leading" attributes="0">
          <EmptySpace min="0" pref="249" max="Short.MAX_VALUE" attributes="0"/>
      </Group>
    </DimensionLayout>
    <DimensionLayout dim="vertical">
      <Group type="parallel" groupAlignment="leading" attributes="0">
          <EmptySpace min="0" pref="186" max="Short.MAX_VALUE" attributes="0"/>
      </Group>
    </DimensionLayout>
  </Root>
</LayoutModel>
