<?xml version="1.0" encoding="UTF-8"?>
<ejb-jar version="2.1" xmlns="http://java.sun.com/xml/ns/j2ee" xmlns:xsi="http://www.w3.org/2001/XMLSchema-instance" xsi:schemaLocation="http://java.sun.com/xml/ns/j2ee http://java.sun.com/xml/ns/j2ee/ejb-jar_2_1.xsd">
  <display-name>TestingEntApp-EJBModule</display-name>
  <enterprise-beans>
    <session>
      <display-name>TestingSessionSB</display-name>
      <ejb-name>TestingSessionBean</ejb-name>
      <home>test.TestingSessionRemoteHome</home>
      <remote>test.TestingSessionRemote</remote>
      <local-home>test.TestingSessionLocalHome</local-home>
      <local>test.TestingSessionLocal</local>
      <ejb-class>test.TestingSessionBean</ejb-class>
      <session-type>Stateless</session-type>
      <transaction-type>Container</transaction-type>
            <ejb-ref>
                <ejb-ref-name>ejb/MyTestingEntityBean</ejb-ref-name>
                <ejb-ref-type>Entity</ejb-ref-type>
                <home>test.TestingEntityRemoteHome</home>
                <remote>test.TestingEntityRemote</remote>
                <ejb-link>TestingEntityBean</ejb-link>
            </ejb-ref>
            <ejb-local-ref>
                <ejb-ref-name>ejb/TestingEntityBean</ejb-ref-name>
                <ejb-ref-type>Entity</ejb-ref-type>
                <local-home>test.TestingEntityLocalHome</local-home>
                <local>test.TestingEntityLocal</local>
                <ejb-link>TestingEntityBean</ejb-link>
            </ejb-local-ref>
            <resource-ref>
                <res-ref-name>jms/TestingMessageDestinationFactory</res-ref-name>
                <res-type>javax.jms.ConnectionFactory</res-type>
                <res-auth>Container</res-auth>
                <res-sharing-scope>Shareable</res-sharing-scope>
            </resource-ref>
            <message-destination-ref>
                <message-destination-ref-name>jms/TestingMessageDestination</message-destination-ref-name>
                <message-destination-type>javax.jms.Queue</message-destination-type>
                <message-destination-usage>Produces</message-destination-usage>
                <message-destination-link>TestingMessageDestination</message-destination-link>
            </message-destination-ref>
            </session>
    <message-driven>
      <display-name>TestingMessageMDB</display-name>
      <ejb-name>TestingMessageBean</ejb-name>
      <ejb-class>test.TestingMessageBean</ejb-class>
      <transaction-type>Container</transaction-type>
      <message-destination-type>javax.jms.Queue</message-destination-type>
      <message-destination-link>TestingMessageDestination</message-destination-link>
      <activation-config>
        <activation-config-property>
          <activation-config-property-name>acknowledgeMode</activation-config-property-name>
          <activation-config-property-value>Auto-acknowledge</activation-config-property-value>
        </activation-config-property>
        <activation-config-property>
          <activation-config-property-name>destinationType</activation-config-property-name>
          <activation-config-property-value>javax.jms.Queue</activation-config-property-value>
        </activation-config-property>
      </activation-config>
    </message-driven>
  </enterprise-beans>
  <assembly-descriptor>
    <container-transaction>
      <method>
        <ejb-name>TestingSessionBean</ejb-name>
        <method-name>*</method-name>
      </method>
      <trans-attribute>Required</trans-attribute>
    </container-transaction>
    <container-transaction>
      <method>
        <ejb-name>TestingMessageBean</ejb-name>
        <method-name>*</method-name>
      </method>
      <trans-attribute>Required</trans-attribute>
    </container-transaction>
    <message-destination>
      <display-name>Destination for TestingMessage</display-name>
      <message-destination-name>TestingMessageDestination</message-destination-name>
    </message-destination>
  </assembly-descriptor>
</ejb-jar>
