<?xml version="1.0" encoding="UTF-8"?>
<persistence version="1.0" xmlns="http://java.sun.com/xml/ns/persistence" xmlns:xsi="http://www.w3.org/2001/XMLSchema-instance" xsi:schemaLocation="http://java.sun.com/xml/ns/persistence http://java.sun.com/xml/ns/persistence/persistence_1_0.xsd">
  <persistence-unit name="pu0" transaction-type="JTA">
    <description>description of persistence unit</description>
    <provider>javax.persistence.EntityManager</provider>
    <jta-data-source>jta_data_source</jta-data-source>
    <properties/>
  </persistence-unit>
  <persistence-unit name="pu1" transaction-type="JTA">
    <description>description of persistence unit</description>
    <provider>javax.persistence.EntityManager</provider>
    <non-jta-data-source>nonjta_data_source</non-jta-data-source>
    <properties/>
  </persistence-unit>
</persistence>
