<?xml version='1.0'?>
<!DOCTYPE platform PUBLIC '-//NetBeans//DTD J2ME PlatformDefinition 1.0//EN' 'http://www.netbeans.org/dtds/j2me-platformdefinition-1_0.dtd'>
<platform name="Sun_Java_Wireless_Toolkit__2_3" home="E:\Programs\WTK23" type="UEI-1.0.1" displayname="Sun Java Wireless Toolkit  2.3" srcpath="" docpath="${platform.home}/docs/api/j2me-rpc,${platform.home}/docs/api/j2me-xml,${platform.home}/docs/api/midp,${platform.home}/docs/api/mmapi,${platform.home}/docs/BasicCustomizationGuide-html,${platform.home}/docs/UserGuide-html,${platform.home}/docs/wtk/wmaBridge,">
    <device name="DefaultColorPhone" securitydomains="untrusted,trusted,minimum,maximum" description="DefaultColorPhone">
        <optional name="JSR75" version="1.0" displayname="File Connection and PIM Optional Packages" classpath="${platform.home}/lib/jsr75.jar" dependencies="CLDC > 1.0" default="true"/>
        <configuration name="CLDC" version="1.1" displayname="Connected Limited Device Configuration" classpath="${platform.home}/lib/cldcapi11.jar" dependencies="" default="true"/>
        <optional name="JSR172" version="1.0" displayname="J2ME Web Services" classpath="${platform.home}/lib/j2me-ws.jar" dependencies="CLDC > 1.0" default="true"/>
        <optional name="MMAPI" version="1.1" displayname="Mobile Media API" classpath="${platform.home}/lib/mmapi.jar" dependencies="CLDC > 1.0" default="true"/>
        <optional name="JSR177" version="1.0" displayname="Security and Trust Services APIs" classpath="${platform.home}/lib/jsr177.jar" dependencies="CLDC > 1.0" default="true"/>
        <optional name="JSR184" version="1.0" displayname="Mobile 3D Graphics Optional Package" classpath="${platform.home}/lib/jsr184.jar" dependencies="CLDC > 1.0" default="true"/>
        <configuration name="CLDC" version="1.0" displayname="Connected Limited Device Configuration" classpath="${platform.home}/lib/cldcapi10.jar" dependencies="" default="false"/>
        <optional name="WMA" version="2.0" displayname="Wireless Messaging API" classpath="${platform.home}/lib/wma20.jar" dependencies="CLDC > 1.0, MIDP > 2.0" default="true"/>
        <optional name="JSR82" version="1.0" displayname="Java APIs for Bluetooth Wireless Technology" classpath="${platform.home}/lib/jsr082.jar" dependencies="CLDC" default="true"/>
        <profile name="MIDP" version="1.0" displayname="Mobile Information Device Profile" classpath="${platform.home}/lib/midpapi10.jar" dependencies="CLDC > 1.0" default="false"/>
        <optional name="JSR211" version="1.0" displayname="ContentHandler APIs" classpath="${platform.home}/lib/jsr211.jar" dependencies="CLDC >= 1.0" default="true"/>
        <optional name="WMA" version="1.1" displayname="Wireless Messaging API" classpath="${platform.home}/lib/wma11.jar" dependencies="CLDC >= 1.0, MIDP >= 1.0" default="false"/>
        <optional name="JSR179" version="1.0" displayname="Location Based APIs" classpath="${platform.home}/lib/jsr179.jar" dependencies="CLDC > 1.0" default="true"/>
        <profile name="MIDP" version="2.0" displayname="Mobile Information Device Profile" classpath="${platform.home}/lib/midpapi20.jar" dependencies="CLDC > 1.0" default="true"/>
        <screen width="240" height="320" bitDepth="8" isColor="true" isTouch="false"/>
    </device>
    <device name="BrokenPhone" securitydomains="untrusted,trusted,minimum,maximum" description="BrokenPhone just for J2MEPlatform descriptor tests, do not use it!">
        <optional name="JSR75" version="1.0" displayname="File Connection and PIM Optional Packages" classpath="${platform.home}/lib/jsr75.jar" dependencies="CLDC > 1.0" default="true"/>
        <configuration name="CLDC" version="1.1" displayname="Connected Limited Device Configuration" classpath="${platform.home}/lib/cldcapi11.jar" dependencies="" default="true"/>
        <optional name="JSR172" version="1.0" displayname="J2ME Web Services" classpath="${platform.home}/lib/j2me-ws.jar" dependencies="CLDC > 1.0" default="true"/>
        <optional name="MMAPI" version="1.1" displayname="Mobile Media API" classpath="${platform.home}/lib/mmapi.jar" dependencies="CLDC > 1.0" default="true"/>
        <optional name="JSR177" version="1.0" displayname="Security and Trust Services APIs" classpath="${platform.home}/lib/jsr177.jar" dependencies="CLDC > 1.0" default="true"/>
        <optional name="JSR184" version="1.0" displayname="Mobile 3D Graphics Optional Package" classpath="${platform.home}/lib/jsr184.jar" dependencies="CLDC > 1.0" default="true"/>
        <configuration name="CLDC" version="1.0" displayname="Connected Limited Device Configuration" classpath="${platform.home}/lib/cldcapi10.jar" dependencies="" default="false"/>
        <optional name="WMA" version="2.0" displayname="Wireless Messaging API" classpath="${platform.home}/lib/wma20.jar" dependencies="CLDC > 1.0, MIDP > 2.0" default="true"/>
        <optional name="JSR82" version="1.0" displayname="Java APIs for Bluetooth Wireless Technology" classpath="${platform.home}/lib/jsr082.jar" dependencies="CLDC" default="true"/>
        <profile name="MIDP" version="1.0" displayname="Mobile Information Device Profile" classpath="${platform.home}/lib/midpapi10.jar" dependencies="CLDC > 1.0" default="false"/>
        <optional name="JSR211" version="1.0" displayname="ContentHandler APIs" classpath="${platform.home}/lib/jsr211.jar" dependencies="CLDC >= 1.0" default="true"/>
        <optional name="WMA" version="1.1" displayname="Wireless Messaging API" classpath="${platform.home}/lib/wma11.jar" dependencies="CLDC >= 1.0, MIDP >= 1.0" default="false"/>
        <optional name="JSR179" version="1.0" displayname="Location Based APIs" classpath="${platform.home}/lib/jsr179.jar" dependencies="CLDC > 1.0" default="true"/>
        <profile name="MIDP" version="2.0" displayname="Mobile Information Device Profile" classpath="${platform.home}/lib/midpapi20.jar" dependencies="CLDC > 1.0" default="true"/>
        <screen width="180" height="208" bitDepth="8" isColor="false" isTouch="false"/>
    </device>
</platform>
